{
    "choose_between": [
        {
            "from": 0,
            "to": 1
        },
        {
            "from": 4,
            "to": 8
        }
    ],
    "for_choice": {
        "choice_name": "ada price",
        "choice_owner": {
            "address": "example address"
        }
    }
}