{
    "be": 10,
    "let": "var",
    "then": "close"
}