{
    "else": "close",
    "if": true,
    "then": "close"
}