{
    "invalidInterval": [
        10,
        20
    ]
}