{
    "transaction_error": {
        "contents": null,
        "tag": "TEUselessTransaction"
    }
}