{
    "account": {
        "address": "example address"
    },
    "asked_to_pay": 20,
    "of_token": {
        "currency_symbol": "85bb65",
        "token_name": "dolar"
    },
    "to_payee": {
        "account": {
            "address": "example address"
        }
    }
}