{
    "had_value": 4,
    "is_now_assigned": 5,
    "value_id": "example"
}