{
    "value_of_choice": {
        "choice_name": "ada price",
        "choice_owner": {
            "address": "example address"
        }
    }
}